// Jest Snapshot v1, https://goo.gl/fbAQLP

exports[`Image component renders correctly with an image 1`] = `
<img
  src="http://example.com"
/>
`;

exports[`Image component renders correctly without an image 1`] = `
<img
  src=""
/>
`;
